// Jest Snapshot v1, https://goo.gl/fbAQLP

exports[`Renders Admin Room Request snapshot as expected 1`] = `
<RCTSafeAreaView
  emulateUnlessSupported={true}
>
  <RCTScrollView
    collapsable={false}
    disableVirtualization={false}
    getItem={[Function]}
    getItemCount={[Function]}
    horizontal={false}
    initialNumToRender={10}
    keyExtractor={[Function]}
    maxToRenderPerBatch={10}
    onContentSizeChange={[Function]}
    onEndReachedThreshold={2}
    onGestureHandlerEvent={[Function]}
    onGestureHandlerStateChange={[Function]}
    onLayout={[Function]}
    onMomentumScrollEnd={[Function]}
    onScroll={[Function]}
    onScrollBeginDrag={[Function]}
    onScrollEndDrag={[Function]}
    removeClippedSubviews={false}
    renderItem={[Function]}
    renderScrollComponent={[Function]}
    scrollEventThrottle={50}
    stickyHeaderIndices={Array []}
    updateCellsBatchingPeriod={50}
    viewabilityConfigCallbackPairs={Array []}
    windowSize={21}
  >
    <View />
  </RCTScrollView>
</RCTSafeAreaView>
`;

exports[`Renders Room Request List snapshot as expected 1`] = `<View />`;
